Microchip MPLAB XC8 Compiler V2.32

Linker command line:

-W-3 --edf=C:\Program Files\Microchip\xc8\v2.32\pic\dat\en_msgs.txt -cn \
  -h+dist/default/production\Projeto_Final.X.production.sym \
  --cmf=dist/default/production\Projeto_Final.X.production.cmf -z -Q18F4520 \
  -oC:\Users\GUILHE~1\AppData\Local\Temp\xcAsrt0.4 --defsym=__MPLAB_BUILD=1 \
  -Mdist/default/production/Projeto_Final.X.production.map -E1 \
  -ver=XC8 Compiler --acfsm=1493 -ASTACK=0C0h-05FFh -pstack=STACK \
  -ACODE=00h-07FFFh -ACONST=00h-07FFFh -ASMALLCONST=0600h-06FFhx122 \
  -AMEDIUMCONST=0600h-07FFFh -ACOMRAM=01h-07Fh -AABS1=00h-05FFh \
  -ABIGRAM=01h-05FFh -ARAM=080h-0FFh,0100h-01FFhx5 -ABANK0=080h-0FFh \
  -ABANK1=0100h-01FFh -ABANK2=0200h-02FFh -ABANK3=0300h-03FFh \
  -ABANK4=0400h-04FFh -ABANK5=0500h-05FFh -ASFR=0F80h-0FFFh \
  -ACONFIG=0300000h-030000Dh -AIDLOC=0200000h-0200007h \
  -AEEDATA=0F00000h-0F000FFh -peeprom_data=EEDATA \
  -preset_vec=00h,intcode,intcodelo,powerup,init -pramtop=0600h \
  -psmallconst=SMALLCONST -pmediumconst=MEDIUMCONST -pconst=CONST \
  -AFARRAM=00h-00h \
  -prdata=COMRAM,nvrram=COMRAM,nvbit=COMRAM,rbss=COMRAM,rbit=COMRAM \
  -pfarbss=FARRAM,fardata=FARRAM,nvFARRAM=FARRAM \
  -pintsave_regs=BIGRAM,bigbss=BIGRAM,bigdata=BIGRAM -pbss=RAM \
  -pidata=CODE,irdata=CODE,ibigdata=CODE,ifardata=CODE -prparam=COMRAM \
  C:\Users\GUILHE~1\AppData\Local\Temp\xcAsrt0.o \
  dist/default/production\Projeto_Final.X.production.o 

Object code version is 3.11

Machine type is 18F4520



                Name                               Link     Load   Length Selector   Space Scale
C:\Users\GUILHE~1\AppData\Local\Temp\xcAsrt0.o
                idloc                            200000   200000        8        0       5
                config                           300000   300000        E        0       4
                init                                  0        0        4        0       0
dist/default/production\Projeto_Final.X.production.o
                idloc                            200000   200000        8        0       5
                config                           300000   300000        E        0       4
                smallconst                          600      600       5C      300       0
                text41                             1D68     1D68       C4      32E       0
                text40                             1EE0     1EE0       B0      32E       0
                text39                              65C      65C      4C0      32E       0
                text38                             1C64     1C64      104      32E       0
                text37                             2368     2368       58      32E       0
                text36                             101E     101E      24E      32E       0
                text35                             265E     265E       2A      32E       0
                text34                             2634     2634       2A      32E       0
                text33                             2416     2416       4E      32E       0
                text32                             1622     1622      16C      32E       0
                text31                             126C     126C      216      32E       0
                text30                             1F90     1F90       A4      32E       0
                text29                             20CC     20CC       88      32E       0
                text28                             178E     178E      16A      32E       0
                text27                             18F8     18F8      136      32E       0
                text26                             2750     2750        A      32E       0
                text25                             2604     2604       30      32E       0
                text24                             275A     275A        2      32E       0
                text23                             2464     2464       42      32E       0
                text22                             230E     230E       5A      32E       0
                text21                             2718     2718       1E      32E       0
                text20                             2562     2562       3A      32E       0
                text19                             26FA     26FA       1E      32E       0
                text18                             2154     2154       7E      32E       0
                text17                             22B2     22B2       5C      32E       0
                text16                              B1C      B1C      2B4      32E       0
                text15                              DD0      DD0      24E      32E       0
                text14                             2524     2524       3E      32E       0
                text13                             25D2     25D2       32      32E       0
                text12                             26D4     26D4       26      32E       0
                text11                             1E2C     1E2C       B4      32E       0
                text10                             1B58     1B58      10C      32E       0
                text9                              26AE     26AE       26      32E       0
                text8                              2736     2736       1A      32E       0
                text7                              21D2     21D2       74      32E       0
                text6                              2688     2688       26      32E       0
                text5                              2246     2246       6C      32E       0
                text4                              1A2E     1A2E      12A      32E       0
                text3                              23C0     23C0       56      32E       0
                text2                              24E6     24E6       3E      32E       0
                text1                              1482     1482      1A0      32E       0
                text0                              2034     2034       98      32E       0
                cstackCOMRAM                          1        1       5C        1       1
                dataBANK0                            80       80       40       80       1
                bssCOMRAM                            5D       5D       20        1       1
                cinit                              259C     259C       36      32E       0
                idataBANK0                         24A6     24A6       40      32E       0

TOTAL           Name                               Link     Load   Length     Space
        CLASS   STACK          

        CLASS   CODE           
                init                                  0        0        4         0
                text41                             1D68     1D68       C4         0
                text40                             1EE0     1EE0       B0         0
                text39                              65C      65C      4C0         0
                text38                             1C64     1C64      104         0
                text37                             2368     2368       58         0
                text36                             101E     101E      24E         0
                text35                             265E     265E       2A         0
                text34                             2634     2634       2A         0
                text33                             2416     2416       4E         0
                text32                             1622     1622      16C         0
                text31                             126C     126C      216         0
                text30                             1F90     1F90       A4         0
                text29                             20CC     20CC       88         0
                text28                             178E     178E      16A         0
                text27                             18F8     18F8      136         0
                text26                             2750     2750        A         0
                text25                             2604     2604       30         0
                text24                             275A     275A        2         0
                text23                             2464     2464       42         0
                text22                             230E     230E       5A         0
                text21                             2718     2718       1E         0
                text20                             2562     2562       3A         0
                text19                             26FA     26FA       1E         0
                text18                             2154     2154       7E         0
                text17                             22B2     22B2       5C         0
                text16                              B1C      B1C      2B4         0
                text15                              DD0      DD0      24E         0
                text14                             2524     2524       3E         0
                text13                             25D2     25D2       32         0
                text12                             26D4     26D4       26         0
                text11                             1E2C     1E2C       B4         0
                text10                             1B58     1B58      10C         0
                text9                              26AE     26AE       26         0
                text8                              2736     2736       1A         0
                text7                              21D2     21D2       74         0
                text6                              2688     2688       26         0
                text5                              2246     2246       6C         0
                text4                              1A2E     1A2E      12A         0
                text3                              23C0     23C0       56         0
                text2                              24E6     24E6       3E         0
                text1                              1482     1482      1A0         0
                text0                              2034     2034       98         0
                cinit                              259C     259C       36         0
                idataBANK0                         24A6     24A6       40         0

        CLASS   CONST          

        CLASS   SMALLCONST     
                smallconst                          600      600       5C         0

        CLASS   MEDIUMCONST    

        CLASS   COMRAM         
                cstackCOMRAM                          1        1       5C         1
                bssCOMRAM                            5D       5D       20         1

        CLASS   ABS1           

        CLASS   BIGRAM         

        CLASS   RAM            

        CLASS   BANK0          
                dataBANK0                            80       80       40         1

        CLASS   BANK1          

        CLASS   BANK2          

        CLASS   BANK3          

        CLASS   BANK4          

        CLASS   BANK5          

        CLASS   SFR            

        CLASS   CONFIG         
                config                           300000   300000        E         4

        CLASS   IDLOC          
                idloc                            200000   200000        8         5

        CLASS   EEDATA         

        CLASS   FARRAM         



SEGMENTS        Name                           Load    Length   Top    Selector   Space  Class

                reset_vec                      000000  000004  000004         0       0  CODE    
                cstackCOMRAM                   000001  00007C  00007D         1       1  COMRAM  
                dataBANK0                      000080  000040  0000C0        80       1  BANK0   
                smallconst                     000600  00005C  00065C       300       0  SMALLCON
                text39                         00065C  002100  00275C       32E       0  CODE    


UNUSED ADDRESS RANGES

        Name                Unused          Largest block    Delta
        BANK0            0000C0-0000FF               40
        BANK1            000100-0001FF              100
        BANK2            000200-0002FF              100
        BANK3            000300-0003FF              100
        BANK4            000400-0004FF              100
        BANK5            000500-0005FF              100
        BIGRAM           00007D-00007F                3
                         0000C0-0005FF              540
        CODE             000004-0005FF              5FC
                         00275C-007FFF             58A4
        COMRAM           00007D-00007F                3
        CONST            000004-0005FF              5FC
                         00275C-007FFF             58A4
        EEDATA           F00000-F000FF              100
        MEDIUMCONST      00275C-007FFF             58A4
        RAM              0000C0-0005FF              100
        SFR              000F80-000FFF               80
        SMALLCONST       00275C-007FFF              100
        STACK            0000C0-0005FF              540

                                  Symbol Table

?___aldiv                cstackCOMRAM 000001
?___awdiv                cstackCOMRAM 000001
?___awmod                cstackCOMRAM 000009
?___fladd                cstackCOMRAM 000001
?___lldiv                cstackCOMRAM 000001
?___llmod                cstackCOMRAM 00000E
?___lwdiv                cstackCOMRAM 000001
?___wmul                 cstackCOMRAM 000001
?_digitalRead            cstackCOMRAM 000001
?_kpRead                 cstackCOMRAM 000001
SSD@conth                cstackCOMRAM 000015
SSD@contm                cstackCOMRAM 000021
SSD@conts                cstackCOMRAM 00001F
SSD@i                    cstackCOMRAM 000017
SSD@outrotempo           cstackCOMRAM 000019
SSD@tempo                cstackCOMRAM 00001B
Time@cont                cstackCOMRAM 000019
Time@i                   cstackCOMRAM 000017
Time@tecla               cstackCOMRAM 00001D
_ADCON1                  (abs)        000FC1
_CCP2CON                 (abs)        000FBA
_CCPR2L                  (abs)        000FBB
_INTCON                  (abs)        000FF2
_PORTA                   (abs)        000F80
_PORTB                   (abs)        000F81
_PORTC                   (abs)        000F82
_PORTD                   (abs)        000F83
_PORTE                   (abs)        000F84
_PR2                     (abs)        000FCB
_PulseClockData          text35       00265E
_PulseEnClock            text34       002634
_SSD                     text31       00126C
_T0CON                   (abs)        000FD5
_T2CON                   (abs)        000FCA
_TMR0H                   (abs)        000FD7
_TMR0L                   (abs)        000FD6
_TRISA                   (abs)        000F92
_TRISB                   (abs)        000F93
_TRISC                   (abs)        000F94
_TRISD                   (abs)        000F95
_TRISE                   (abs)        000F96
_Time                    text16       000B1C
__HRAM                   (abs)        000000
__Habs1                  abs1         000000
__Hbank0                 bank0        000000
__Hbank1                 bank1        000000
__Hbank2                 bank2        000000
__Hbank3                 bank3        000000
__Hbank4                 bank4        000000
__Hbank5                 bank5        000000
__Hbigbss                bigbss       000000
__Hbigdata               bigdata      000000
__Hbigram                bigram       000000
__Hbss                   bss          000000
__HbssCOMRAM             bssCOMRAM    000000
__Hcinit                 cinit        000000
__Hclrtext               clrtext      000000
__Hcomram                comram       000000
__Hconfig                config       30000E
__Hconst                 const        000000
__HcstackCOMRAM          cstackCOMRAM 000000
__Hdata                  data         000000
__HdataBANK0             dataBANK0    000000
__Heeprom_data           eeprom_data  000000
__Hfarbss                farbss       000000
__Hfardata               fardata      000000
__Hibigdata              ibigdata     000000
__Hidata                 idata        000000
__HidataBANK0            idataBANK0   000000
__Hidloc                 idloc        200008
__Hifardata              ifardata     000000
__Hinit                  init         000004
__Hintcode               intcode      000000
__Hintcode_body          intcode_body 000000
__Hintcodelo             intcodelo    000000
__Hintentry              intentry     000000
__Hintret                intret       000000
__Hintsave_regs          intsave_regs 000000
__Hirdata                irdata       000000
__Hmediumconst           mediumconst  000000
__HnvFARRAM              nvFARRAM     000000
__Hnvbit                 nvbit        000000
__Hnvrram                nvrram       000000
__Hparam                 rparam       000000
__Hpowerup               powerup      000000
__Hram                   ram          000000
__Hramtop                ramtop       000600
__Hrbit                  rbit         000000
__Hrbss                  rbss         000000
__Hrdata                 rdata        000000
__Hreset_vec             reset_vec    000000
__Hrparam                rparam       000000
__Hsfr                   sfr          000000
__Hsmallconst            smallconst   00065C
__Hspace_0               (abs)        00275C
__Hspace_1               (abs)        0000C0
__Hspace_2               (abs)        000000
__Hspace_4               (abs)        60000E
__Hstack                 stack        000000
__Hstruct                struct       000000
__Htemp                  temp         000000
__Htext                  text         000000
__Htext0                 text0        000000
__Htext1                 text1        000000
__Htext10                text10       000000
__Htext11                text11       000000
__Htext12                text12       000000
__Htext13                text13       000000
__Htext14                text14       000000
__Htext15                text15       000000
__Htext16                text16       000000
__Htext17                text17       000000
__Htext18                text18       000000
__Htext19                text19       000000
__Htext2                 text2        000000
__Htext20                text20       000000
__Htext21                text21       000000
__Htext22                text22       000000
__Htext23                text23       000000
__Htext24                text24       000000
__Htext25                text25       000000
__Htext26                text26       000000
__Htext27                text27       000000
__Htext28                text28       000000
__Htext29                text29       000000
__Htext3                 text3        000000
__Htext30                text30       000000
__Htext31                text31       000000
__Htext32                text32       000000
__Htext33                text33       000000
__Htext34                text34       000000
__Htext35                text35       000000
__Htext36                text36       000000
__Htext37                text37       000000
__Htext38                text38       000000
__Htext39                text39       000000
__Htext4                 text4        000000
__Htext40                text40       000000
__Htext41                text41       000000
__Htext5                 text5        000000
__Htext6                 text6        000000
__Htext7                 text7        000000
__Htext8                 text8        000000
__Htext9                 text9        000000
__LRAM                   (abs)        000001
__Labs1                  abs1         000000
__Lbank0                 bank0        000000
__Lbank1                 bank1        000000
__Lbank2                 bank2        000000
__Lbank3                 bank3        000000
__Lbank4                 bank4        000000
__Lbank5                 bank5        000000
__Lbigbss                bigbss       000000
__Lbigdata               bigdata      000000
__Lbigram                bigram       000000
__Lbss                   bss          000000
__LbssCOMRAM             bssCOMRAM    000000
__Lcinit                 cinit        000000
__Lclrtext               clrtext      000000
__Lcomram                comram       000000
__Lconfig                config       000000
__Lconst                 const        000000
__LcstackCOMRAM          cstackCOMRAM 000000
__Ldata                  data         000000
__LdataBANK0             dataBANK0    000000
__Leeprom_data           eeprom_data  000000
__Lfarbss                farbss       000000
__Lfardata               fardata      000000
__Libigdata              ibigdata     000000
__Lidata                 idata        000000
__LidataBANK0            idataBANK0   000000
__Lidloc                 idloc        000000
__Lifardata              ifardata     000000
__Linit                  init         000000
__Lintcode               intcode      000000
__Lintcode_body          intcode_body 000000
__Lintcodelo             intcodelo    000000
__Lintentry              intentry     000000
__Lintret                intret       000000
__Lintsave_regs          intsave_regs 000000
__Lirdata                irdata       000000
__Lmediumconst           mediumconst  000000
__LnvFARRAM              nvFARRAM     000000
__Lnvbit                 nvbit        000000
__Lnvrram                nvrram       000000
__Lparam                 rparam       000000
__Lpowerup               powerup      000000
__Lram                   ram          000000
__Lramtop                ramtop       000600
__Lrbit                  rbit         000000
__Lrbss                  rbss         000000
__Lrdata                 rdata        000000
__Lreset_vec             reset_vec    000000
__Lrparam                rparam       000000
__Lsfr                   sfr          000000
__Lsmallconst            smallconst   000600
__Lspace_0               (abs)        000000
__Lspace_1               (abs)        000000
__Lspace_2               (abs)        000000
__Lspace_4               (abs)        000000
__Lstack                 stack        000000
__Lstruct                struct       000000
__Ltemp                  temp         000000
__Ltext                  text         000000
__Ltext0                 text0        000000
__Ltext1                 text1        000000
__Ltext10                text10       000000
__Ltext11                text11       000000
__Ltext12                text12       000000
__Ltext13                text13       000000
__Ltext14                text14       000000
__Ltext15                text15       000000
__Ltext16                text16       000000
__Ltext17                text17       000000
__Ltext18                text18       000000
__Ltext19                text19       000000
__Ltext2                 text2        000000
__Ltext20                text20       000000
__Ltext21                text21       000000
__Ltext22                text22       000000
__Ltext23                text23       000000
__Ltext24                text24       000000
__Ltext25                text25       000000
__Ltext26                text26       000000
__Ltext27                text27       000000
__Ltext28                text28       000000
__Ltext29                text29       000000
__Ltext3                 text3        000000
__Ltext30                text30       000000
__Ltext31                text31       000000
__Ltext32                text32       000000
__Ltext33                text33       000000
__Ltext34                text34       000000
__Ltext35                text35       000000
__Ltext36                text36       000000
__Ltext37                text37       000000
__Ltext38                text38       000000
__Ltext39                text39       000000
__Ltext4                 text4        000000
__Ltext40                text40       000000
__Ltext41                text41       000000
__Ltext5                 text5        000000
__Ltext6                 text6        000000
__Ltext7                 text7        000000
__Ltext8                 text8        000000
__Ltext9                 text9        000000
__S0                     (abs)        00275C
__S1                     (abs)        0000C0
__S2                     (abs)        000000
__S4                     (abs)        000000
__S5                     (abs)        000000
___aldiv                 text10       001B58
___aldiv@counter         cstackCOMRAM 000009
___aldiv@dividend        cstackCOMRAM 000001
___aldiv@divisor         cstackCOMRAM 000005
___aldiv@quotient        cstackCOMRAM 00000B
___aldiv@sign            cstackCOMRAM 00000A
___awdiv                 text41       001D68
___awdiv@counter         cstackCOMRAM 000005
___awdiv@dividend        cstackCOMRAM 000001
___awdiv@divisor         cstackCOMRAM 000003
___awdiv@quotient        cstackCOMRAM 000007
___awdiv@sign            cstackCOMRAM 000006
___awmod                 text40       001EE0
___awmod@counter         cstackCOMRAM 00000D
___awmod@dividend        cstackCOMRAM 000009
___awmod@divisor         cstackCOMRAM 00000B
___awmod@sign            cstackCOMRAM 00000E
___fladd                 text39       00065C
___fladd@a               cstackCOMRAM 000005
___fladd@aexp            cstackCOMRAM 00000E
___fladd@b               cstackCOMRAM 000001
___fladd@bexp            cstackCOMRAM 00000F
___fladd@grs             cstackCOMRAM 000010
___fladd@signs           cstackCOMRAM 00000D
___flge                  text38       001C64
___flge@ff1              cstackCOMRAM 000001
___flge@ff2              cstackCOMRAM 000005
___inthi_sp              stack        000000
___intlo_sp              stack        000000
___lldiv                 text30       001F90
___lldiv@counter         cstackCOMRAM 00000D
___lldiv@dividend        cstackCOMRAM 000001
___lldiv@divisor         cstackCOMRAM 000005
___lldiv@quotient        cstackCOMRAM 000009
___llmod                 text29       0020CC
___llmod@counter         cstackCOMRAM 000016
___llmod@dividend        cstackCOMRAM 00000E
___llmod@divisor         cstackCOMRAM 000012
___lwdiv                 text7        0021D2
___lwdiv@counter         cstackCOMRAM 000007
___lwdiv@dividend        cstackCOMRAM 000001
___lwdiv@divisor         cstackCOMRAM 000003
___lwdiv@quotient        cstackCOMRAM 000005
___param_bank            (abs)        000000
___rparam_used           (abs)        000001
___sp                    stack        000000
___wmul                  text6        002688
___wmul@multiplicand     cstackCOMRAM 000003
___wmul@multiplier       cstackCOMRAM 000001
___wmul@product          cstackCOMRAM 000005
__accesstop              (abs)        000080
__activetblptr           (abs)        000002
__end_of_PulseClockData  text35       002688
__end_of_PulseEnClock    text34       00265E
__end_of_SSD             text31       001482
__end_of_Time            text16       000DD0
__end_of___aldiv         text10       001C64
__end_of___awdiv         text41       001E2C
__end_of___awmod         text40       001F90
__end_of___fladd         text39       000B1C
__end_of___flge          text38       001D68
__end_of___lldiv         text30       002034
__end_of___llmod         text29       002154
__end_of___lwdiv         text7        002246
__end_of___wmul          text6        0026AE
__end_of__initialization cinit        0025C8
__end_of_charKey         smallconst   00061B
__end_of_delayMicro      text24       00275C
__end_of_delayMili       text25       002634
__end_of_digitalRead     text28       0018F8
__end_of_digitalWrite    text36       00126C
__end_of_kpDebounce      text27       001A2E
__end_of_kpInit          text13       002604
__end_of_kpRead          text26       00275A
__end_of_lcdChar         text19       002718
__end_of_lcdCommand      text21       002736
__end_of_lcdInit         text11       001EE0
__end_of_lcdPosition     text20       00259C
__end_of_lcdString       text18       0021D2
__end_of_main            text0        0020CC
__end_of_pinMode         text15       00101E
__end_of_pulseEnablePin  text23       0024A6
__end_of_pushByte        text22       002368
__end_of_pushNibble      text12       0026FA
__end_of_pwmFrequency    text9        0026D4
__end_of_pwmInit         text8        002750
__end_of_pwmSet          text5        0022B2
__end_of_sinalizar       text4        001B58
__end_of_soInit          text14       002562
__end_of_soWrite         text33       002464
__end_of_ssdDigit        text37       0023C0
__end_of_ssdInit         text3        002416
__end_of_ssdUpdate       text32       00178E
__end_of_strcpy          text2        002524
__end_of_tarefas         text1        001622
__end_of_tempo           text17       00230E
__end_of_valor           smallconst   000611
__initialization         cinit        00259C
__mediumconst            mediumconst  000000
__pbssCOMRAM             bssCOMRAM    00005D
__pcinit                 cinit        00259C
__pcstackCOMRAM          cstackCOMRAM 000001
__pdataBANK0             dataBANK0    000080
__pidataBANK0            idataBANK0   0024A6
__psmallconst            smallconst   000600
__ptext0                 text0        002034
__ptext1                 text1        001482
__ptext10                text10       001B58
__ptext11                text11       001E2C
__ptext12                text12       0026D4
__ptext13                text13       0025D2
__ptext14                text14       002524
__ptext15                text15       000DD0
__ptext16                text16       000B1C
__ptext17                text17       0022B2
__ptext18                text18       002154
__ptext19                text19       0026FA
__ptext2                 text2        0024E6
__ptext20                text20       002562
__ptext21                text21       002718
__ptext22                text22       00230E
__ptext23                text23       002464
__ptext24                text24       00275A
__ptext25                text25       002604
__ptext26                text26       002750
__ptext27                text27       0018F8
__ptext28                text28       00178E
__ptext29                text29       0020CC
__ptext3                 text3        0023C0
__ptext30                text30       001F90
__ptext31                text31       00126C
__ptext32                text32       001622
__ptext33                text33       002416
__ptext34                text34       002634
__ptext35                text35       00265E
__ptext36                text36       00101E
__ptext37                text37       002368
__ptext38                text38       001C64
__ptext39                text39       00065C
__ptext4                 text4        001A2E
__ptext40                text40       001EE0
__ptext41                text41       001D68
__ptext5                 text5        002246
__ptext6                 text6        002688
__ptext7                 text7        0021D2
__ptext8                 text8        002736
__ptext9                 text9        0026AE
__ramtop                 ramtop       000600
__size_of_PulseClockData (abs)        000000
__size_of_PulseEnClock   (abs)        000000
__size_of_SSD            (abs)        000000
__size_of_Time           (abs)        000000
__size_of___aldiv        (abs)        000000
__size_of___awdiv        (abs)        000000
__size_of___awmod        (abs)        000000
__size_of___fladd        (abs)        000000
__size_of___flge         (abs)        000000
__size_of___lldiv        (abs)        000000
__size_of___llmod        (abs)        000000
__size_of___lwdiv        (abs)        000000
__size_of___wmul         (abs)        000000
__size_of_delayMicro     (abs)        000000
__size_of_delayMili      (abs)        000000
__size_of_digitalRead    (abs)        000000
__size_of_digitalWrite   (abs)        000000
__size_of_kpDebounce     (abs)        000000
__size_of_kpInit         (abs)        000000
__size_of_kpRead         (abs)        000000
__size_of_lcdChar        (abs)        000000
__size_of_lcdCommand     (abs)        000000
__size_of_lcdInit        (abs)        000000
__size_of_lcdPosition    (abs)        000000
__size_of_lcdString      (abs)        000000
__size_of_main           (abs)        000000
__size_of_pinMode        (abs)        000000
__size_of_pulseEnablePin (abs)        000000
__size_of_pushByte       (abs)        000000
__size_of_pushNibble     (abs)        000000
__size_of_pwmFrequency   (abs)        000000
__size_of_pwmInit        (abs)        000000
__size_of_pwmSet         (abs)        000000
__size_of_sinalizar      (abs)        000000
__size_of_soInit         (abs)        000000
__size_of_soWrite        (abs)        000000
__size_of_ssdDigit       (abs)        000000
__size_of_ssdInit        (abs)        000000
__size_of_ssdUpdate      (abs)        000000
__size_of_strcpy         (abs)        000000
__size_of_tarefas        (abs)        000000
__size_of_tempo          (abs)        000000
__smallconst             smallconst   000600
_delayMicro              text24       00275A
_delayMili               text25       002604
_digitalRead             text28       00178E
_digitalWrite            text36       00101E
_display                 bssCOMRAM    00006B
_keys                    bssCOMRAM    000065
_kpDebounce              text27       0018F8
_kpInit                  text13       0025D2
_kpRead                  text26       002750
_lcdChar                 text19       0026FA
_lcdCommand              text21       002718
_lcdInit                 text11       001E2C
_lcdPosition             text20       002562
_lcdString               text18       002154
_lembrete                bssCOMRAM    00006D
_main                    text0        002034
_pinMode                 text15       000DD0
_pulseEnablePin          text23       002464
_pushByte                text22       00230E
_pushNibble              text12       0026D4
_pwmFrequency            text9        0026AE
_pwmInit                 text8        002736
_pwmSet                  text5        002246
_sinalizar               text4        001A2E
_soInit                  text14       002524
_soWrite                 text33       002416
_ssdDigit                text37       002368
_ssdInit                 text3        0023C0
_ssdUpdate               text32       001622
_strcpy                  text2        0024E6
_tarefas                 text1        001482
_tempo                   text17       0022B2
_timer                   bssCOMRAM    00005D
_v0                      bssCOMRAM    00006A
_v1                      bssCOMRAM    000069
_v2                      bssCOMRAM    000068
_v3                      bssCOMRAM    000067
_valor                   smallconst   000601
delayMicro@a             cstackCOMRAM 000001
delayMili@a              cstackCOMRAM 000001
delayMili@i              cstackCOMRAM 000004
digitalRead@pin          cstackCOMRAM 000001
digitalWrite@pin         cstackCOMRAM 000001
digitalWrite@value       cstackCOMRAM 000003
end_of_initialization    cinit        0025C8
intlevel0                text         000000
intlevel1                text         000000
intlevel2                text         000000
intlevel3                text         000000
isa$std                  (abs)        000001
isa$xinst                (abs)        000000
kpDebounce@i             cstackCOMRAM 00000D
kpDebounce@newRead       bssCOMRAM    000063
kpDebounce@oldRead       bssCOMRAM    000061
kpDebounce@tempo         bssCOMRAM    00006C
lcdChar@value            cstackCOMRAM 00000E
lcdCommand@value         cstackCOMRAM 00000E
lcdPosition@col          cstackCOMRAM 000011
lcdPosition@line         cstackCOMRAM 00000F
lcdString@i              cstackCOMRAM 000013
lcdString@msg            cstackCOMRAM 00000F
main@show                cstackCOMRAM 00005B
pinMode@pin              cstackCOMRAM 000001
pinMode@type             cstackCOMRAM 000003
pushByte@rs              cstackCOMRAM 00000A
pushByte@value           cstackCOMRAM 00000D
pushNibble@rs            cstackCOMRAM 00000A
pushNibble@value         cstackCOMRAM 00000C
pwmFrequency@freq        cstackCOMRAM 00000F
pwmSet@porcento          cstackCOMRAM 00000A
pwmSet@val               cstackCOMRAM 00000B
sinalizar@i              cstackCOMRAM 000015
soWrite@i                cstackCOMRAM 000009
soWrite@value            cstackCOMRAM 000007
ssdDigit@pos             cstackCOMRAM 00000F
ssdDigit@val             cstackCOMRAM 000010
stackhi                  (abs)        0005FF
stacklo                  (abs)        0000C0
start                    init         000000
start_initialization     cinit        00259C
strcpy@d                 cstackCOMRAM 000007
strcpy@dest              cstackCOMRAM 000001
strcpy@s                 cstackCOMRAM 000005
strcpy@src               cstackCOMRAM 000003
tarefas@F262             dataBANK0    0000B0
tarefas@F264             dataBANK0    0000A0
tarefas@F266             dataBANK0    000090
tarefas@F268             dataBANK0    000080
tarefas@i                cstackCOMRAM 000055
tarefas@msg1             cstackCOMRAM 000015
tarefas@msg2             cstackCOMRAM 000025
tarefas@msg3             cstackCOMRAM 000035
tarefas@msg4             cstackCOMRAM 000045
tarefas@tecla            cstackCOMRAM 000057
tempo@i                  cstackCOMRAM 000002
tempo@j                  cstackCOMRAM 000003
tempo@k                  cstackCOMRAM 000004
tempo@x                  cstackCOMRAM 000001


MODULE INFORMATION

Module		Function		Class		Link	Load	Size
ssd.c
		_ssdInit       		CODE           	23C0	0000	86
		_ssdDigit      		CODE           	2368	0000	88
		_ssdUpdate     		CODE           	1622	0000	364

ssd.c estimated size: 538

C:\Program Files\Microchip\xc8\v2.32\pic\sources\c99\common\awdiv.c
		___awdiv       		CODE           	1D68	0000	196

C:\Program Files\Microchip\xc8\v2.32\pic\sources\c99\common\awdiv.c estimated size: 196

C:\Program Files\Microchip\xc8\v2.32\pic\sources\c99\common\sprcadd.c
		___fladd       		CODE           	065C	0000	1216

C:\Program Files\Microchip\xc8\v2.32\pic\sources\c99\common\sprcadd.c estimated size: 1216

delay.c
		_tempo         		CODE           	22B2	0000	92

delay.c estimated size: 92

C:\Program Files\Microchip\xc8\v2.32\pic\sources\c99\common\aldiv.c
		___aldiv       		CODE           	1B58	0000	268

C:\Program Files\Microchip\xc8\v2.32\pic\sources\c99\common\aldiv.c estimated size: 268

keypad.c
		_kpInit        		CODE           	25D2	0000	50
		_kpDebounce    		CODE           	18F8	0000	310
		_kpRead        		CODE           	2750	0000	10

keypad.c estimated size: 370

so.c
		_soInit        		CODE           	2524	0000	62
		_soWrite       		CODE           	2416	0000	78
		_PulseEnClock  		CODE           	2634	0000	42
		_PulseClockData		CODE           	265E	0000	42

so.c estimated size: 224

io.c
		_digitalRead   		CODE           	178E	0000	362
		_digitalWrite  		CODE           	101E	0000	590
		_pinMode       		CODE           	0DD0	0000	590

io.c estimated size: 1542

pwm.c
		_pwmInit       		CODE           	2736	0000	26
		_pwmFrequency  		CODE           	26AE	0000	38
		_pwmSet        		CODE           	2246	0000	108

pwm.c estimated size: 172

C:\Program Files\Microchip\xc8\v2.32\pic\sources\c99\common\Umul16.c
		___wmul        		CODE           	2688	0000	38

C:\Program Files\Microchip\xc8\v2.32\pic\sources\c99\common\Umul16.c estimated size: 38

C:\Program Files\Microchip\xc8\v2.32\pic\sources\c99\common\llmod.c
		___llmod       		CODE           	20CC	0000	136

C:\Program Files\Microchip\xc8\v2.32\pic\sources\c99\common\llmod.c estimated size: 136

shared
		_valor         		SMALLCONST     	0601	0000	16
		_charKey       		SMALLCONST     	0000	0000	0
		__initialization		CODE           	259C	0000	44

shared estimated size: 60

C:\Program Files\Microchip\xc8\v2.32\pic\sources\c99\common\awmod.c
		___awmod       		CODE           	1EE0	0000	176

C:\Program Files\Microchip\xc8\v2.32\pic\sources\c99\common\awmod.c estimated size: 176

C:\Program Files\Microchip\xc8\v2.32\pic\sources\c99\common\lwdiv.c
		___lwdiv       		CODE           	21D2	0000	116

C:\Program Files\Microchip\xc8\v2.32\pic\sources\c99\common\lwdiv.c estimated size: 116

lcd.c
		_lcdCommand    		CODE           	2718	0000	30
		_lcdChar       		CODE           	26FA	0000	30
		_lcdString     		CODE           	2154	0000	126
		_pulseEnablePin		CODE           	2464	0000	66
		_pushByte      		CODE           	230E	0000	90
		_lcdPosition   		CODE           	2562	0000	58
		_pushNibble    		CODE           	26D4	0000	38
		_lcdInit       		CODE           	1E2C	0000	180
		_delayMili     		CODE           	2604	0000	48
		_delayMicro    		CODE           	275A	0000	2

lcd.c estimated size: 668

C:\Program Files\Microchip\xc8\v2.32\pic\sources\c99\common\__lldiv.c
		___lldiv       		CODE           	1F90	0000	164

C:\Program Files\Microchip\xc8\v2.32\pic\sources\c99\common\__lldiv.c estimated size: 164

main.c
		_tarefas       		CODE           	1482	0000	416
		_sinalizar     		CODE           	1A2E	0000	298
		_main          		CODE           	2034	0000	152
		_Time          		CODE           	0B1C	0000	692
		_SSD           		CODE           	126C	0000	534

main.c estimated size: 2092

C:\Program Files\Microchip\xc8\v2.32\pic\sources\c99\common\flge.c
		___flge        		CODE           	1C64	0000	260

C:\Program Files\Microchip\xc8\v2.32\pic\sources\c99\common\flge.c estimated size: 260

C:\Program Files\Microchip\xc8\v2.32\pic\sources\c99\common\strcpy.c
		_strcpy        		CODE           	24E6	0000	62

C:\Program Files\Microchip\xc8\v2.32\pic\sources\c99\common\strcpy.c estimated size: 62

